// Jest Snapshot v1, https://goo.gl/fbAQLP

exports[`ProjectTeamsSettings render() renders 1`] = `
<SideEffect(DocumentTitle)
  title="Sentry"
>
  <div>
    <SettingsPageHeading
<<<<<<< HEAD
      action={
        <DropdownAutoComplete
          action={
            <Button
              disabled={false}
              priority="primary"
              size="small"
              to="/organizations/org-slug/teams/new/"
            >
              Create a new team
            </Button>
          }
<<<<<<< HEAD
<<<<<<< HEAD
          alignMenu="right"
=======
          alignMenu="left"
=======
          alignMenu="right"
>>>>>>> right is default alignment for dropdownAutocompleteMenu
          isOpen={false}
>>>>>>> user badges for durpdown
          items={
            Array [
              Object {
                "label": "#team-slug-2",
                "value": "2",
              },
            ]
          }
          onSelect={[Function]}
        >
          [Function]
        </DropdownAutoComplete>
      }
=======
>>>>>>> style projectTeams
      title="Teams"
    />
    <Panel>
      <PanelHeader
        hasButtons={true}
        key="header"
      >
        <PanelHeaderContent>
          <div>
            Team
          </div>
          <div>
            <DropdownAutoComplete
              action={
                <Button
                  disabled={false}
                  priority="primary"
                  size="small"
                  to="/organizations/org-slug/teams/new/"
                >
                  Create a new team
                </Button>
              }
              alignMenu="right"
              isOpen={false}
              items={
                Array [
                  Object {
                    "label": <TeamDropdownElement>
                      #
                      team-slug-2
                    </TeamDropdownElement>,
                    "value": "2",
                  },
                ]
              }
              onSelect={[Function]}
            />
          </div>
        </PanelHeaderContent>
      </PanelHeader>
      <PanelBody
        direction="column"
        disablePadding={true}
        flex={false}
        key="body"
      >
        <TeamRow
          access={
            Set {
              "org:read",
              "org:write",
              "org:admin",
              "project:read",
              "project:write",
              "project:admin",
              "team:read",
              "team:write",
              "team:admin",
            }
          }
          key="1"
          onRemove={[Function]}
          orgId="org-slug"
          projectId="project-slug"
          team={
            Object {
              "id": "1",
              "name": "Team Name",
              "slug": "team-slug",
            }
          }
          teamCount={1}
        />
      </PanelBody>
    </Panel>
  </div>
</SideEffect(DocumentTitle)>
`;
